error: custom attribute panicked
 --> tests/ui/multiple_range_attributes.rs:3:1
  |
3 | #[bitenum(u8, exhaustive: false)]
  | ^^^^^^^^^^^^^^^^^^^^^^^^^^^^^^^^^
  |
  = help: message: bitenum!: range/ranges attribute must only be specified once
