error: bitfield!: Field multi_bit_field requires 65 bits, but only has (64)
 --> tests/no_compile/invalid_bit_pos/invalid_bits_pos_array_u64.rs:5:5
  |
5 |     #[bits([0, 63..=64], rw)]
  |     ^^^^^^^^^^^^^^^^^^^^^^^^^
