error: bitfield!: Field multi_bit_field requires 33 bits, but only has (32)
 --> tests/no_compile/invalid_bit_pos/invalid_bit_pos_array_u32.rs:5:5
  |
5 |     #[bits([0, 32], rw)]
  |     ^^^^^^^^^^^^^^^^^^^^
