error: bitfield!: Field field requires 17 bits, but only has (16)
 --> tests/no_compile/invalid_bit_pos/invalid_bit_pos_u16.rs:5:5
  |
5 |     #[bit(16, rw)]
  |     ^^^^^^^^^^^^^^
